---------------------------------------
Begin Slurm Prolog: Apr-01-2026 22:41:15
Job ID:    4587204
User ID:   vgetty3
Account:   coc
Job name:  soccerstwos
Partition: coc-cpu
QOS:       coc-ice
---------------------------------------

CondaError: Run 'conda init' before 'conda deactivate'


EnvironmentNameNotFound: Could not find conda environment: soccerstwos
You can list all discoverable environments with `conda info --envs`.


Traceback (most recent call last):
  File "/storage/ice1/5/7/vgetty3/soccer-twos-starter/example_ray_ppo_sp_still.py", line 1, in <module>
    import ray
ModuleNotFoundError: No module named 'ray'
---------------------------------------
Begin Slurm Epilog: Apr-01-2026 22:41:22
Job ID:        4587204
User ID:       vgetty3
Account:       coc
Job name:      soccerstwos
Resources:     cpu=32,mem=192G,node=4
Rsrc Used:     cput=00:03:44,vmem=0,walltime=00:00:07,mem=41132K,energy_used=0
Partition:     coc-cpu
QOS:           coc-ice
Nodes:         atl1-1-01-005-2-2,atl1-1-01-005-3-[1-2],atl1-1-01-005-4-1
---------------------------------------
